
> resizeme@0.1.0 build
> next build

node.exe : [baseline-br
owser-mapping] The 
data in this module is 
over two months old.  
To ensure accurate 
Baseline data, please 
update: `npm i baseline
-browser-mapping@latest
 -D`
At line:1 char:1
+ & "C:\Program 
Files\nodejs/node.exe" 
"C:\Program 
Files\nodejs/node_mo 
...
+ ~~~~~~~~~~~~~~~~~~~~~
~~~~~~~~~~~~~~~~~~~~~~~
~~~~~~~~~~~~~~~~~~~~~~~
~~
    + CategoryInfo     
         : NotSpecifi  
  ed: ([baseline-bro   
 ws...ping@latest -    
D`:String) [], Rem    
oteException
    + FullyQualifiedEr 
   rorId : NativeComm  
  andError
 
 ΓÜá Warning: Next.js 
inferred your 
workspace root, but it 
may not be correct.
 We detected multiple 
lockfiles and selected 
the directory of C:\Use
rs\prati\OneDrive\Deskt
op\ResizeMe\package-loc
k.json as the root 
directory.
 To silence this 
warning, set 
`turbopack.root` in 
your Next.js config, 
or consider removing 
one of the lockfiles 
if it's not needed.
   See https://nextjs.o
rg/docs/app/api-referen
ce/config/next-config-j
s/turbopack#root-direct
ory for more 
information.
 Detected additional 
lockfiles: 
   * C:\Users\prati\One
Drive\Desktop\ResizeMe\
resizeme\package-lock.j
son

   Γû▓ Next.js 16.0.7 (Turbopack)
   - Environments: .env.local

 ΓÜá The "middleware" 
file convention is 
deprecated. Please use 
"proxy" instead. Learn 
more: https://nextjs.or
g/docs/messages/middlew
are-to-proxy
   Creating an optimized production build ...
[baseline-browser-mappi
ng] The data in this 
module is over two 
months old.  To ensure 
accurate Baseline 
data, please update: 
`npm i baseline-browser
-mapping@latest -D`

> Build error occurred
Error: Turbopack build 
failed with 1 errors:
./resizeme/src/app/page
.tsx:19:1
Module not found: 
Can't resolve '@/compon
ents/ads/AdBanner'
[0m [90m 17 |[39m   
[33mMaximize[39m[33m
,[39m
 [90m 18 |[39m } 
[36mfrom[39m [32m'lu
cide-react'[39m[33m;
[39m
[31m[1m>[22m[39m[9
0m 19 |[39m 
[36mimport[39m 
[33mAdBanner[39m 
[36mfrom[39m [32m'@/
components/ads/AdBanner
'[39m[33m;[39m
 [90m    |[39m [31m
[1m^[22m[39m[31m[1m
^[22m[39m[31m[1m^[
22m[39m[31m[1m^[22m
[39m[31m[1m^[22m[3
9m[31m[1m^[22m[39m
[31m[1m^[22m[39m[31
m[1m^[22m[39m[31m[
1m^[22m[39m[31m[1m^
[22m[39m[31m[1m^[2
2m[39m[31m[1m^[22m
[39m[31m[1m^[22m[39
m[31m[1m^[22m[39m[
31m[1m^[22m[39m[31m
[1m^[22m[39m[31m[1
m^[22m[39m[31m[1m^
[22m[39m[31m[1m^[22
m[39m[31m[1m^[22m[
39m[31m[1m^[22m[39m
[31m[1m^[22m[39m[3
1m[1m^[22m[39m[31m
[1m^[22m[39m[31m[1m
^[22m[39m[31m[1m^[
22m[39m[31m[1m^[22m
[39m[31m[1m^[22m[3
9m[31m[1m^[22m[39m
[31m[1m^[22m[39m[31
m[1m^[22m[39m[31m[
1m^[22m[39m[31m[1m^
[22m[39m[31m[1m^[2
2m[39m[31m[1m^[22m
[39m[31m[1m^[22m[39
m[31m[1m^[22m[39m[
31m[1m^[22m[39m[31m
[1m^[22m[39m[31m[1
m^[22m[39m[31m[1m^
[22m[39m[31m[1m^[22
m[39m[31m[1m^[22m[
39m[31m[1m^[22m[39m
[31m[1m^[22m[39m[3
1m[1m^[22m[39m[31m
[1m^[22m[39m[31m[1m
^[22m[39m[31m[1m^[
22m[39m
 [90m 20 |[39m 
[36mimport[39m [33mU
ltimateGuide[39m 
[36mfrom[39m [32m'@/
components/sections/Ult
imateGuide'[39m[33m;
[39m
 [90m 21 |[39m
 [90m 22 |[39m 
[36mexport[39m 
[36mdefault[39m 
[36mfunction[39m 
[33mHome[39m() {[0m

Import map: aliased to 
relative './src/compone
nts/ads/AdBanner' 
inside of 
[project]/resizeme


Import traces:
  Client Component 
Browser:
    ./resizeme/src/app/
page.tsx [Client 
Component Browser]
    ./resizeme/src/app/
page.tsx [Server 
Component]

  Client Component SSR:
    ./resizeme/src/app/
page.tsx [Client 
Component SSR]
    ./resizeme/src/app/
page.tsx [Server 
Component]

https://nextjs.org/docs
/messages/module-not-fo
und


    at <unknown> (./res
izeme/src/app/page.tsx:
19:1)
    at <unknown> (https
://nextjs.org/docs/mess
ages/module-not-found)
